// Jest Snapshot v1, https://goo.gl/fbAQLP

exports[`SFormField.vue renders correctly 1`] = `<div class="form-field"></div>`;
