// Jest Snapshot v1, https://goo.gl/fbAQLP

exports[`STableRow.vue renders correctly 1`] = `
<tr class="table__row">
  <td>Slot content</td>
</tr>
`;
